// Jest Snapshot v1, https://goo.gl/fbAQLP

exports[`should render LoginPage correctly 1`] = `
<div
  className="container"
>
  <div
    className="row"
  >
    <div
      className="login-wrapper"
    >
      <div
        className="login-wrapper__header"
      >
        <h1
          className="login-wrapper__title"
        >
          Contacts Application
        </h1>
        <p>
          Please use the form below to login.
        </p>
      </div>
      <div
        className="login-wrapper__form-wrapper"
      >
        <Form
          inline={false}
          onSubmit={[Function]}
        >
          <FormGroup
            controlId="email"
          >
            <FormLabel
              column={false}
              srOnly={false}
            >
              Username
            </FormLabel>
            <FormControl
              autoFocus={true}
              onChange={[Function]}
              type="text"
              value=""
            />
          </FormGroup>
          <FormGroup
            controlId="password"
          >
            <FormLabel
              column={false}
              srOnly={false}
            >
              Password
            </FormLabel>
            <FormControl
              onChange={[Function]}
              type="password"
              value=""
            />
          </FormGroup>
          <button
            className="btn--blue"
            type="submit"
          >
            Login
          </button>
        </Form>
      </div>
    </div>
  </div>
</div>
`;
